    Updating crates.io index
 Downloading crates ...
  Downloaded ascii_utils v0.9.3
  Downloaded crypto-common v0.1.7
  Downloaded argon2 v0.5.3
  Downloaded assert_cmd v2.1.2
  Downloaded http-body v1.0.1
  Downloaded allocator-api2 v0.2.21
  Downloaded proc-macro-crate v3.4.0
  Downloaded powerfmt v0.2.0
  Downloaded proc-macro2 v1.0.106
  Downloaded sha1 v0.10.6
  Downloaded serde_yaml v0.9.34+deprecated
  Downloaded thread_local v1.1.9
  Downloaded regex-syntax v0.8.9
  Downloaded tracing-serde v0.2.0
  Downloaded unicode-ident v1.0.23
  Downloaded unicase v2.9.0
  Downloaded rhai v1.24.0
  Downloaded linux-raw-sys v0.11.0
  Downloaded ucd-trie v0.1.7
  Downloaded tungstenite v0.24.0
  Downloaded toml_parser v1.0.7+spec-1.1.0
  Downloaded version_check v0.9.5
  Downloaded zeroize v1.8.2
  Downloaded zmij v1.0.20
  Downloaded toml_edit v0.23.10+spec-1.0.0
  Downloaded tower v0.4.13
  Downloaded tokio-util v0.7.18
  Downloaded serde v1.0.228
  Downloaded syn v2.0.114
  Downloaded typenum v1.19.0
  Downloaded url v2.5.8
  Downloaded unicode-segmentation v1.12.0
  Downloaded unicode-width v0.1.14
  Downloaded tower v0.5.3
  Downloaded webpki-roots v0.25.4
  Downloaded vcpkg v0.2.15
  Downloaded winnow v0.7.14
  Downloaded tokio v1.49.0
  Downloaded tower-http v0.5.2
  Downloaded time v0.3.47
  Downloaded zerovec v0.11.5
  Downloaded zerotrie v0.2.3
  Downloaded zerocopy v0.8.39
  Downloaded rustls-webpki v0.103.9
  Downloaded tracing-subscriber v0.3.22
  Downloaded rustls-webpki v0.102.8
  Downloaded rustls-webpki v0.101.7
  Downloaded tracing v0.1.44
  Downloaded rustls v0.23.36
  Downloaded rustls v0.22.4
  Downloaded rustix v1.1.3
  Downloaded rumqttc v0.24.0
  Downloaded zerovec-derive v0.11.2
  Downloaded yoke-derive v0.8.1
  Downloaded yoke v0.8.1
  Downloaded zerofrom-derive v0.1.6
  Downloaded zerofrom v0.1.6
  Downloaded writeable v0.6.2
  Downloaded want v0.3.1
  Downloaded walkdir v2.5.0
  Downloaded wait-timeout v0.2.1
  Downloaded uuid v1.20.0
  Downloaded unsafe-libyaml v0.2.11
  Downloaded serde_json v1.0.149
  Downloaded libsqlite3-sys v0.28.0
  Downloaded utf8_iter v1.0.4
  Downloaded utf-8 v0.7.6
  Downloaded untrusted v0.9.0
  Downloaded unicode-truncate v1.1.0
  Downloaded rustls v0.21.12
  Downloaded rusqlite v0.31.0
  Downloaded ring v0.17.14
  Downloaded toml_datetime v0.7.5+spec-1.1.0
  Downloaded tokio-tungstenite v0.24.0
  Downloaded tokio-tungstenite v0.21.0
  Downloaded tokio-stream v0.1.18
  Downloaded tokio-rustls v0.26.4
  Downloaded tokio-rustls v0.25.0
  Downloaded tokio-rustls v0.24.1
  Downloaded tokio-native-tls v0.3.1
  Downloaded tokio-modbus v0.14.0
  Downloaded tokio-macros v2.6.0
  Downloaded tinystr v0.8.2
  Downloaded tiny-keccak v2.0.2
  Downloaded time-macros v0.2.27
  Downloaded time-core v0.1.8
  Downloaded tungstenite v0.21.0
  Downloaded try-lock v0.2.5
  Downloaded tracing-log v0.2.0
  Downloaded tower-layer v0.3.3
  Downloaded reqwest v0.11.27
  Downloaded ratatui v0.26.3
  Downloaded tracing-core v0.1.36
  Downloaded tracing-attributes v0.1.31
  Downloaded tower-service v0.3.3
  Downloaded regex-automata v0.4.14
  Downloaded regex v1.12.3
  Downloaded rand v0.9.2
  Downloaded libc v0.2.181
  Downloaded openssl v0.10.75
  Downloaded openapiv3 v2.2.0
  Downloaded thiserror-impl v2.0.18
  Downloaded thiserror-impl v1.0.69
  Downloaded thiserror v2.0.18
  Downloaded thiserror v1.0.69
  Downloaded thin-vec v0.2.14
  Downloaded termtree v0.5.1
  Downloaded termcolor v1.4.1
  Downloaded tempfile v3.25.0
  Downloaded synstructure v0.13.2
  Downloaded sync_wrapper v1.0.2
  Downloaded sync_wrapper v0.1.2
  Downloaded subtle v2.6.1
  Downloaded strum_macros v0.27.2
  Downloaded strum_macros v0.26.4
  Downloaded strum v0.27.2
  Downloaded strum v0.26.3
  Downloaded strsim v0.11.1
  Downloaded static_assertions_next v1.1.2
  Downloaded static_assertions v1.1.0
  Downloaded stable_deref_trait v1.2.1
  Downloaded stability v0.2.1
  Downloaded spin v0.9.8
  Downloaded spin v0.5.2
  Downloaded socket2 v0.6.2
  Downloaded socket2 v0.5.10
  Downloaded smartstring v1.0.1
  Downloaded smallvec v1.15.1
  Downloaded slab v0.4.12
  Downloaded simple_asn1 v0.6.3
  Downloaded signal-hook-registry v1.4.8
  Downloaded signal-hook-mio v0.2.5
  Downloaded signal-hook v0.3.18
  Downloaded shlex v1.3.0
  Downloaded sharded-slab v0.1.7
  Downloaded sha2 v0.10.9
  Downloaded serde_core v1.0.228
  Downloaded sct v0.7.1
  Downloaded scopeguard v1.2.0
  Downloaded same-file v1.0.6
  Downloaded ryu v1.0.23
  Downloaded rustversion v1.0.22
  Downloaded rustls-pemfile v1.0.4
  Downloaded rand v0.8.5
  Downloaded portable-atomic v1.13.1
  Downloaded idna v1.1.0
  Downloaded icu_properties_data v2.1.2
  Downloaded hyper v1.8.1
  Downloaded hyper v0.14.32
  Downloaded serde_derive v1.0.228
  Downloaded rustls-pki-types v1.14.0
  Downloaded rustls-pemfile v2.2.0
  Downloaded rustls-native-certs v0.8.3
  Downloaded rustls-native-certs v0.7.3
  Downloaded rhai_codegen v3.1.0
  Downloaded quick-xml v0.36.2
  Downloaded pest_meta v2.8.6
  Downloaded pest v2.8.6
  Downloaded num-bigint v0.4.6
  Downloaded mio v1.1.1
  Downloaded mio v0.8.11
  Downloaded memchr v2.8.0
  Downloaded itertools v0.13.0
  Downloaded itertools v0.12.1
  Downloaded inquire v0.6.2
  Downloaded indexmap v2.13.0
  Downloaded icu_normalizer_data v2.1.1
  Downloaded icu_collections v2.1.1
  Downloaded hyper-util v0.1.20
  Downloaded http v1.4.0
  Downloaded http v0.2.12
  Downloaded hashbrown v0.16.1
  Downloaded hashbrown v0.15.5
  Downloaded encoding_rs v0.8.35
  Downloaded csv v1.4.0
  Downloaded serde_urlencoded v0.7.1
  Downloaded serde_path_to_error v0.1.20
  Downloaded rand_core v0.9.5
  Downloaded rand_core v0.6.4
  Downloaded rand_chacha v0.9.0
  Downloaded rand_chacha v0.3.1
  Downloaded quote v1.0.44
  Downloaded predicates v3.1.3
  Downloaded pest_derive v2.8.6
  Downloaded parking_lot_core v0.9.12
  Downloaded openssl-sys v0.9.111
  Downloaded num-traits v0.2.19
  Downloaded notify v8.2.0
  Downloaded log v0.4.29
  Downloaded litemap v0.8.1
  Downloaded jsonwebtoken v9.3.1
  Downloaded indicatif v0.17.11
  Downloaded icu_provider v2.1.1
  Downloaded icu_properties v2.1.2
  Downloaded icu_normalizer v2.1.1
  Downloaded icu_locale_core v2.1.1
  Downloaded hyper-rustls v0.27.7
  Downloaded httparse v1.10.1
  Downloaded handlebars v6.4.0
  Downloaded h2 v0.3.27
  Downloaded deunicode v1.6.2
  Downloaded chrono v0.4.43
  Downloaded bstr v1.12.1
  Downloaded axum v0.7.9
  Downloaded async-graphql v7.2.1
  Downloaded ppv-lite86 v0.2.21
  Downloaded polling v3.11.0
  Downloaded pkg-config v0.3.32
  Downloaded pest_generator v2.8.6
  Downloaded pem v3.0.6
  Downloaded paste v1.0.15
  Downloaded password-hash v0.5.0
  Downloaded parking_lot v0.12.5
  Downloaded once_cell v1.21.3
  Downloaded num-order v1.2.0
  Downloaded nu-ansi-term v0.50.3
  Downloaded notify-types v2.1.0
  Downloaded native-tls v0.2.14
  Downloaded multer v3.1.0
  Downloaded lru v0.12.5
  Downloaded lock_api v0.4.14
  Downloaded libloading v0.8.9
  Downloaded itoa v1.0.17
  Downloaded ipnet v2.11.0
  Downloaded inotify-sys v0.1.5
  Downloaded inotify v0.11.0
  Downloaded ident_case v1.0.1
  Downloaded iana-time-zone v0.1.65
  Downloaded hyper-tls v0.5.0
  Downloaded hyper-rustls v0.24.2
  Downloaded humantime v2.3.0
  Downloaded httpdate v1.0.3
  Downloaded http-range-header v0.4.2
  Downloaded http-body-util v0.1.3
  Downloaded hashlink v0.9.1
  Downloaded hashbrown v0.14.5
  Downloaded h2 v0.4.13
  Downloaded futures-util v0.3.31
  Downloaded flume v0.11.1
  Downloaded fake v4.4.0
  Downloaded darling_core v0.23.0
  Downloaded darling_core v0.20.11
  Downloaded crossterm v0.27.0
  Downloaded crossterm v0.25.0
  Downloaded compact_str v0.7.1
  Downloaded cc v1.2.55
  Downloaded bytes v1.11.1
  Downloaded blake2 v0.10.6
  Downloaded base64 v0.22.1
  Downloaded base64 v0.21.7
  Downloaded async-io v2.6.0
  Downloaded aho-corasick v1.1.4
  Downloaded potential_utf v0.1.4
  Downloaded pin-utils v0.1.0
  Downloaded pin-project-lite v0.2.16
  Downloaded percent-encoding v2.3.2
  Downloaded parking v2.2.1
  Downloaded openssl-probe v0.2.1
  Downloaded openssl-probe v0.1.6
  Downloaded number_prefix v0.4.0
  Downloaded num-modular v0.6.1
  Downloaded num-integer v0.1.46
  Downloaded no-std-compat v0.4.1
  Downloaded newline-converter v0.2.2
  Downloaded mime_guess v2.0.5
  Downloaded mime v0.3.17
  Downloaded matchit v0.7.3
  Downloaded matchers v0.2.0
  Downloaded lazy_static v1.5.0
  Downloaded idna_adapter v1.2.1
  Downloaded glob v0.3.3
  Downloaded getrandom v0.4.1
  Downloaded getrandom v0.3.4
  Downloaded getrandom v0.2.17
  Downloaded futures-lite v2.6.1
  Downloaded foldhash v0.1.5
  Downloaded float-cmp v0.10.0
  Downloaded find-msvc-tools v0.1.9
  Downloaded fallible-iterator v0.3.0
  Downloaded env_logger v0.10.2
  Downloaded dotenvy v0.15.7
  Downloaded displaydoc v0.2.5
  Downloaded digest v0.10.7
  Downloaded derive_builder_core v0.20.2
  Downloaded derive_builder v0.20.2
  Downloaded deranged v0.5.5
  Downloaded data-encoding v2.10.0
  Downloaded darling v0.23.0
  Downloaded darling v0.20.11
  Downloaded csv-core v0.1.13
  Downloaded crossbeam-utils v0.8.21
  Downloaded console v0.15.11
  Downloaded concurrent-queue v2.5.0
  Downloaded colored v2.2.0
  Downloaded cassowary v0.3.0
  Downloaded byteorder v1.5.0
  Downloaded bitflags v2.10.0
  Downloaded bitflags v1.3.2
  Downloaded base64ct v1.8.3
  Downloaded axum-macros v0.4.2
  Downloaded axum-core v0.4.5
  Downloaded autocfg v1.5.0
  Downloaded atomic-waker v1.1.2
  Downloaded asynk-strim v0.1.5
  Downloaded async-trait v0.1.89
  Downloaded async-graphql-value v7.2.1
  Downloaded async-graphql-parser v7.2.1
  Downloaded async-graphql-derive v7.2.1
  Downloaded predicates-tree v1.0.12
  Downloaded predicates-core v1.0.9
  Downloaded openssl-macros v0.1.1
  Downloaded num-conv v0.2.0
  Downloaded normalize-line-endings v0.3.0
  Downloaded is-terminal v0.4.17
  Downloaded http-body v0.4.6
  Downloaded heck v0.5.0
  Downloaded generic-array v0.14.7
  Downloaded futures-task v0.3.31
  Downloaded futures-sink v0.3.31
  Downloaded futures-macro v0.3.31
  Downloaded futures-io v0.3.31
  Downloaded futures-core v0.3.31
  Downloaded futures-channel v0.3.31
  Downloaded form_urlencoded v1.2.2
  Downloaded foreign-types-shared v0.1.1
  Downloaded fnv v1.0.7
  Downloaded fastrand v2.3.0
  Downloaded fallible-streaming-iterator v0.1.9
  Downloaded errno v0.3.14
  Downloaded either v1.15.0
  Downloaded dummy v0.11.0
  Downloaded difflib v0.4.0
  Downloaded derive_builder_macro v0.20.2
  Downloaded darling_macro v0.23.0
  Downloaded const-random-macro v0.1.16
  Downloaded castaway v0.2.4
  Downloaded block-buffer v0.10.4
  Downloaded foreign-types v0.3.2
  Downloaded fast_chemail v0.9.6
  Downloaded equivalent v1.0.2
  Downloaded dyn-clone v1.0.20
  Downloaded darling_macro v0.20.11
  Downloaded crunchy v0.2.4
  Downloaded cpufeatures v0.2.17
  Downloaded const-random v0.1.18
  Downloaded cfg-if v1.0.4
  Downloaded ahash v0.8.12
  Downloaded anstyle v1.0.13
  Downloaded Inflector v0.11.4
   Compiling proc-macro2 v1.0.106
   Compiling quote v1.0.44
   Compiling unicode-ident v1.0.23
   Compiling libc v0.2.181
   Compiling serde v1.0.228
   Compiling serde_core v1.0.228
   Compiling cfg-if v1.0.4
   Compiling memchr v2.8.0
   Compiling itoa v1.0.17
   Compiling log v0.4.29
   Compiling syn v2.0.114
   Compiling find-msvc-tools v0.1.9
   Compiling shlex v1.3.0
   Compiling cc v1.2.55
   Compiling pin-project-lite v0.2.16
   Compiling portable-atomic v1.13.1
   Compiling once_cell v1.21.3
   Compiling errno v0.3.14
   Compiling signal-hook-registry v1.4.8
   Compiling futures-core v0.3.31
   Compiling version_check v0.9.5
   Compiling getrandom v0.2.17
   Compiling equivalent v1.0.2
   Compiling mio v1.1.1
   Compiling socket2 v0.6.2
   Compiling futures-sink v0.3.31
   Compiling hashbrown v0.16.1
   Compiling fnv v1.0.7
   Compiling slab v0.4.12
   Compiling ring v0.17.14
   Compiling futures-io v0.3.31
   Compiling autocfg v1.5.0
   Compiling pin-utils v0.1.0
   Compiling bitflags v2.10.0
   Compiling futures-task v0.3.31
   Compiling zerocopy v0.8.39
   Compiling stable_deref_trait v1.2.1
   Compiling httparse v1.10.1
   Compiling untrusted v0.9.0
   Compiling synstructure v0.13.2
   Compiling zmij v1.0.20
   Compiling subtle v2.6.1
   Compiling indexmap v2.13.0
   Compiling serde_derive v1.0.228
   Compiling tokio-macros v2.6.0
   Compiling futures-macro v0.3.31
   Compiling futures-util v0.3.31
   Compiling zerofrom-derive v0.1.6
   Compiling yoke-derive v0.8.1
   Compiling zerofrom v0.1.6
   Compiling bytes v1.11.1
   Compiling smallvec v1.15.1
   Compiling tokio v1.49.0
   Compiling http v1.4.0
   Compiling yoke v0.8.1
   Compiling tracing-core v0.1.36
   Compiling zerovec-derive v0.11.2
   Compiling typenum v1.19.0
   Compiling vcpkg v0.2.15
   Compiling pkg-config v0.3.32
   Compiling ident_case v1.0.1
   Compiling strsim v0.11.1
   Compiling zerovec v0.11.5
   Compiling displaydoc v0.2.5
   Compiling tracing-attributes v0.1.31
   Compiling generic-array v0.14.7
   Compiling num-traits v0.2.19
   Compiling scopeguard v1.2.0
   Compiling getrandom v0.3.4
   Compiling zeroize v1.8.2
   Compiling rustls-pki-types v1.14.0
   Compiling tracing v0.1.44
   Compiling lock_api v0.4.14
   Compiling serde_json v1.0.149
   Compiling tower-service v0.3.3
   Compiling tinystr v0.8.2
   Compiling ppv-lite86 v0.2.21
   Compiling tokio-util v0.7.18
   Compiling litemap v0.8.1
   Compiling writeable v0.6.2
   Compiling crunchy v0.2.4
   Compiling thiserror v1.0.69
   Compiling icu_locale_core v2.1.1
   Compiling crypto-common v0.1.7
   Compiling block-buffer v0.10.4
   Compiling zerotrie v0.2.3
   Compiling potential_utf v0.1.4
   Compiling openssl-sys v0.9.111
   Compiling darling_core v0.20.11
   Compiling thiserror-impl v1.0.69
   Compiling rand_core v0.6.4
   Compiling aho-corasick v1.1.4
   Compiling icu_normalizer_data v2.1.1
   Compiling regex-syntax v0.8.9
   Compiling rustversion v1.0.22
   Compiling try-lock v0.2.5
   Compiling tiny-keccak v2.0.2
   Compiling ucd-trie v0.1.7
   Compiling percent-encoding v2.3.2
   Compiling httpdate v1.0.3
   Compiling icu_properties_data v2.1.2
   Compiling pest v2.8.6
   Compiling darling_macro v0.20.11
   Compiling regex-automata v0.4.14
   Compiling want v0.3.1
   Compiling icu_collections v2.1.1
   Compiling icu_provider v2.1.1
   Compiling digest v0.10.7
   Compiling futures-channel v0.3.31
   Compiling ryu v1.0.23
   Compiling darling v0.20.11
   Compiling form_urlencoded v1.2.2
   Compiling http-body v1.0.1
   Compiling mime v0.3.17
   Compiling heck v0.5.0
   Compiling parking_lot_core v0.9.12
   Compiling cpufeatures v0.2.17
   Compiling signal-hook v0.3.18
   Compiling thiserror v2.0.18
   Compiling const-random-macro v0.1.16
   Compiling icu_properties v2.1.2
   Compiling icu_normalizer v2.1.1
   Compiling rand_chacha v0.3.1
   Compiling http v0.2.12
   Compiling thiserror-impl v2.0.18
   Compiling ahash v0.8.12
   Compiling byteorder v1.5.0
   Compiling openssl v0.10.75
   Compiling foreign-types-shared v0.1.1
   Compiling openssl-probe v0.1.6
   Compiling rustix v1.1.3
   Compiling foreign-types v0.3.2
   Compiling idna_adapter v1.2.1
   Compiling rand v0.8.5
   Compiling const-random v0.1.18
   Compiling sha1 v0.10.6
   Compiling spin v0.9.8
   Compiling openssl-macros v0.1.1
   Compiling mio v0.8.11
   Compiling socket2 v0.5.10
   Compiling rustls v0.21.12
   Compiling unicase v2.9.0
   Compiling linux-raw-sys v0.11.0
   Compiling utf-8 v0.7.6
   Compiling data-encoding v2.10.0
   Compiling crossbeam-utils v0.8.21
   Compiling utf8_iter v1.0.4
   Compiling atomic-waker v1.1.2
   Compiling native-tls v0.2.14
   Compiling winnow v0.7.14
   Compiling tower-layer v0.3.3
   Compiling h2 v0.4.13
   Compiling idna v1.1.0
   Compiling toml_parser v1.0.7+spec-1.1.0
   Compiling mime_guess v2.0.5
   Compiling signal-hook-mio v0.2.5
   Compiling parking_lot v0.12.5
   Compiling http-body v0.4.6
   Compiling h2 v0.3.27
   Compiling regex v1.12.3
   Compiling derive_builder_core v0.20.2
   Compiling pest_meta v2.8.6
   Compiling darling_core v0.23.0
   Compiling sct v0.7.1
   Compiling rustls-webpki v0.101.7
   Compiling async-trait v0.1.89
   Compiling multer v3.1.0
   Compiling encoding_rs v0.8.35
   Compiling unicode-segmentation v1.12.0
   Compiling base64 v0.22.1
   Compiling lazy_static v1.5.0
   Compiling getrandom v0.4.1
   Compiling powerfmt v0.2.0
   Compiling rustls v0.22.4
   Compiling static_assertions v1.1.0
   Compiling num-conv v0.2.0
   Compiling rustls v0.23.36
   Compiling time-core v0.1.8
   Compiling toml_datetime v0.7.5+spec-1.1.0
   Compiling either v1.15.0
   Compiling darling_macro v0.23.0
   Compiling toml_edit v0.23.10+spec-1.0.0
   Compiling time-macros v0.2.27
   Compiling deranged v0.5.5
   Compiling hyper v0.14.32
   Compiling derive_builder_macro v0.20.2
   Compiling pest_generator v2.8.6
   Compiling async-graphql-value v7.2.1
   Compiling hyper v1.8.1
   Compiling url v2.5.8
   Compiling strum_macros v0.27.2
   Compiling http-body-util v0.1.3
   Compiling serde_urlencoded v0.7.1
   Compiling num-integer v0.1.46
   Compiling rand_core v0.9.5
   Compiling rustls-webpki v0.103.9
   Compiling rustls-webpki v0.102.8
   Compiling libsqlite3-sys v0.28.0
   Compiling smartstring v1.0.1
   Compiling async-io v2.6.0
   Compiling foldhash v0.1.5
   Compiling sync_wrapper v1.0.2
   Compiling num-modular v0.6.1
   Compiling paste v1.0.15
   Compiling unicode-width v0.1.14
   Compiling allocator-api2 v0.2.21
   Compiling num-order v1.2.0
   Compiling strum v0.27.2
   Compiling hashbrown v0.15.5
   Compiling rand_chacha v0.9.0
   Compiling num-bigint v0.4.6
   Compiling concurrent-queue v2.5.0
   Compiling hyper-util v0.1.20
   Compiling tokio-rustls v0.24.1
   Compiling pest_derive v2.8.6
   Compiling async-graphql-parser v7.2.1
   Compiling tokio-native-tls v0.3.1
   Compiling derive_builder v0.20.2
   Compiling time v0.3.47
   Compiling proc-macro-crate v3.4.0
   Compiling darling v0.23.0
   Compiling itertools v0.13.0
   Compiling polling v3.11.0
   Compiling hashbrown v0.14.5
   Compiling tungstenite v0.24.0
   Compiling strum_macros v0.26.4
   Compiling castaway v0.2.4
   Compiling rustls-pemfile v2.2.0
   Compiling futures-lite v2.6.1
   Compiling inotify-sys v0.1.5
   Compiling parking v2.2.1
   Compiling same-file v1.0.6
   Compiling ascii_utils v0.9.3
   Compiling fastrand v2.3.0
   Compiling bitflags v1.3.2
   Compiling openssl-probe v0.2.1
   Compiling base64 v0.21.7
   Compiling base64ct v1.8.3
   Compiling Inflector v0.11.4
   Compiling rustls-pemfile v1.0.4
   Compiling async-graphql-derive v7.2.1
   Compiling password-hash v0.5.0
   Compiling tempfile v3.25.0
   Compiling strum v0.26.3
   Compiling rustls-native-certs v0.8.3
   Compiling crossterm v0.25.0
   Compiling fast_chemail v0.9.6
   Compiling walkdir v2.5.0
   Compiling inotify v0.11.0
   Compiling rustls-native-certs v0.7.3
   Compiling tokio-tungstenite v0.24.0
   Compiling compact_str v0.7.1
   Compiling unicode-truncate v1.1.0
   Compiling hashlink v0.9.1
   Compiling simple_asn1 v0.6.3
   Compiling handlebars v6.4.0
   Compiling hyper-tls v0.5.0
   Compiling hyper-rustls v0.24.2
   Compiling tokio-rustls v0.26.4
   Compiling tokio-rustls v0.25.0
   Compiling rand v0.9.2
   Compiling lru v0.12.5
   Compiling axum-core v0.4.5
   Compiling tower v0.5.3
   Compiling tungstenite v0.21.0
   Compiling itertools v0.12.1
   Compiling sharded-slab v0.1.7
   Compiling pem v3.0.6
   Compiling newline-converter v0.2.2
   Compiling crossterm v0.27.0
   Compiling flume v0.11.1
   Compiling matchers v0.2.0
   Compiling dummy v0.11.0
   Compiling blake2 v0.10.6
   Compiling tracing-serde v0.2.0
   Compiling tracing-log v0.2.0
   Compiling thin-vec v0.2.14
   Compiling rhai_codegen v3.1.0
   Compiling stability v0.2.1
   Compiling axum-macros v0.4.2
   Compiling notify-types v2.1.0
   Compiling asynk-strim v0.1.5
   Compiling console v0.15.11
   Compiling serde_path_to_error v0.1.20
   Compiling is-terminal v0.4.17
   Compiling csv-core v0.1.13
   Compiling thread_local v1.1.9
   Compiling matchit v0.7.3
   Compiling dyn-clone v1.0.20
   Compiling static_assertions_next v1.1.2
   Compiling http-range-header v0.4.2
   Compiling number_prefix v0.4.0
   Compiling iana-time-zone v0.1.65
   Compiling nu-ansi-term v0.50.3
   Compiling humantime v2.3.0
   Compiling ipnet v2.11.0
   Compiling termcolor v1.4.1
   Compiling deunicode v1.6.2
   Compiling webpki-roots v0.25.4
   Compiling sync_wrapper v0.1.2
   Compiling fallible-streaming-iterator v0.1.9
   Compiling fallible-iterator v0.3.0
   Compiling cassowary v0.3.0
   Compiling unsafe-libyaml v0.2.11
   Compiling env_logger v0.10.2
   Compiling rusqlite v0.31.0
   Compiling serde_yaml v0.9.34+deprecated
   Compiling ratatui v0.26.3
   Compiling reqwest v0.11.27
   Compiling fake v4.4.0
   Compiling axum v0.7.9
   Compiling tracing-subscriber v0.3.22
   Compiling chrono v0.4.43
   Compiling indicatif v0.17.11
   Compiling tower-http v0.5.2
   Compiling async-graphql v7.2.1
   Compiling inquire v0.6.2
   Compiling csv v1.4.0
   Compiling rhai v1.24.0
   Compiling notify v8.2.0
   Compiling argon2 v0.5.3
   Compiling rumqttc v0.24.0
   Compiling jsonwebtoken v9.3.1
   Compiling tokio-tungstenite v0.21.0
   Compiling hyper-rustls v0.27.7
   Compiling colored v2.2.0
   Compiling tokio-modbus v0.14.0
   Compiling tower v0.4.13
   Compiling openapiv3 v2.2.0
   Compiling tokio-stream v0.1.18
   Compiling uuid v1.20.0
   Compiling quick-xml v0.36.2
   Compiling libloading v0.8.9
   Compiling dotenvy v0.15.7
   Compiling predicates-core v1.0.9
   Compiling glob v0.3.3
   Compiling float-cmp v0.10.0
   Compiling difflib v0.4.0
   Compiling assert_cmd v2.1.2
   Compiling termtree v0.5.1
   Compiling normalize-line-endings v0.3.0
   Compiling anstyle v1.0.13
   Compiling predicates v3.1.3
   Compiling predicates-tree v1.0.12
   Compiling bstr v1.12.1
   Compiling wait-timeout v0.2.1
   Compiling apicentric v0.7.0 (/app)
    Finished `test` profile [unoptimized + debuginfo] target(s) in 3m 47s
     Running unittests src/lib.rs (target/debug/deps/apicentric-21ecfc02323a642a)

running 182 tests
test adapters::contract_repository::tests::test_in_memory_repository ... ok
test auth::blacklist::tests::test_blacklist_add_and_check ... ok
test auth::blacklist::tests::test_blacklist_different_tokens ... ok
test cli::parser::tests::test_global_flags ... ok
test cli::parser::tests::test_missing_argument ... ok
test cli::parser::tests::test_new_command ... ok
test cli::parser::tests::test_open_port ... ok
test cli::parser::tests::test_simulator_start ... ok
test cli::parser::tests::test_simulator_start_short_alias ... ok
test cli::parser::tests::test_twin_run ... ok
test cli::parser::tests::test_unknown_argument ... ok
test cli::parser::tests::test_validate_positional ... ok
test adapters::contract_repository::tests::test_filesystem_repository ... ok
test cloud::cors::tests::test_development_cors_is_permissive ... ok
test cloud::cors::tests::test_custom_origins ... ok
test cloud::cors::tests::test_production_cors_with_origins ... ok
test cloud::cors::tests::test_production_cors_without_origins ... ok
test cloud::cors::tests::test_empty_custom_origins ... ok
test cloud::error::tests::test_error_code_display ... ok
test cloud::error::tests::test_api_error_status_mapping ... ok
test cloud::error::tests::test_error_response_creation ... ok
test cloud::error::tests::test_validate_required_param ... ok
test cloud::error::tests::test_validate_service_name ... ok
test cloud::error::tests::test_error_response_with_details ... ok
test cloud::monitoring::tests::test_metrics_collector ... ok
test cloud::monitoring::tests::test_structured_log ... ok
test cloud::error::tests::test_validate_yaml_size ... ok
test cloud::server::tests::test_jwt_secret_missing_unprotected ... ok
test cloud::server::tests::test_jwt_secret_provided ... ok
test commands::simulator::tests::dockerize_runs ... ok
test commands::simulator::tests::export_runs ... ok
test commands::simulator::tests::import_runs ... ok
test commands::simulator::tests::new_graphql_runs ... ok
test cloud::server::tests::test_jwt_secret_missing_protected - should panic ... ok
test commands::simulator::tests::new_runs ... ok
test commands::simulator::tests::start_runs ... ok
test commands::simulator::tests::validate_runs ... ok
test adapters::http_client::tests::test_build_request ... ok
test commands::tui_events::tests::test_handle_key_event_help_mode ... ok
test commands::tui_events::tests::test_handle_key_event_filter_mode ... ok
test commands::tui_state::tests::test_log_filter_description ... ok
test adapters::http_client::tests::test_http_client_builder ... ok
test commands::tui_state::tests::test_log_filter_is_active ... ok
test commands::tui_state::tests::test_log_filter_matches_method ... ok
test commands::tui_state::tests::test_log_filter_matches_combined ... ok
test commands::tui_state::tests::test_log_filter_matches_service ... ok
test commands::tui_state::tests::test_log_filter_matches_status ... ok
test commands::tui_state::tests::test_log_view_filtered_entries ... ok
test config::repository::tests::load_nonexistent_config_returns_default ... ok
test config::repository::tests::repository_load_nonexistent_config_returns_error ... ok
test config::tests::default_config_is_valid ... ok
test config::tests::generate_default_config_works ... ok
test config::validation::tests::ai_config_validation_gemini ... ok
test config::validation::tests::ai_config_validation_openai_missing_key ... ok
test contract::executor::tests::detects_status_code_mismatch ... ok
test contract::result_reporter::tests::delegates_reporting_to_sink ... ok
test contract::scenario_extractor::tests::extracts_scenarios_from_spec ... ok
test domain::contract_testing::entities::tests::detects_header_mismatches_with_details ... ok
test domain::contract_testing::entities::tests::detects_text_body_mismatch ... ok
test domain::contract_testing::entities::tests::ignores_additional_headers_when_policy_allows ... ok
test env_config::tests::test_env_loading_and_logic ... ok
test errors::tests::test_all_error_types ... ok
test errors::tests::test_error_creation ... ok
test config::repository::tests::save_and_load_roundtrip ... ok
test errors::tests::test_error_display ... ok
test errors::tests::test_error_formatter_multiple_validation_errors ... ok
test errors::tests::test_error_formatting ... ok
test errors::tests::test_error_suggestion_and_field_getters ... ok
test errors::tests::test_error_from_conversions ... ok
test errors::tests::test_new_error_display_and_formatting ... ok
test errors::tests::test_new_error_variants ... ok
test errors::tests::test_validation_error ... ok
test errors::tests::test_validation_error_builder ... ok
test iot::physics::replay::tests::test_replay_strategy ... ok
test iot::physics::replay::tests::test_replay_strategy_no_loop ... ok
test logging::tests::test_logging_macros ... ok
test simulator::config::validation::repository::tests::list_service_files_missing_dir ... ok
test simulator::config::validation::repository::tests::list_service_files_returns_yaml ... ok
test simulator::config::validation::repository::tests::load_service_parses_yaml ... ok
test simulator::config::validation::summarizer::tests::summary_calculates_success_rate ... ok
test simulator::config::validation::tests::load_all_services_reports_summary ... ok
test simulator::config::validation::validators::tests::duplicate_name_validator_fails ... ok
test simulator::marketplace::tests::test_marketplace_items ... ok
test simulator::react_query::tests::generates_query_and_mutation ... ok
test simulator::react_view::tests::generates_view_component ... ok
test simulator::recording_proxy::tests::parameterize_path_detects_dynamic_segments ... ok
test simulator::recording_proxy::tests::replay_uses_parameterized_template ... ok
test simulator::recording_proxy::tests::upsert_collapses_similar_paths_into_one_endpoint ... ok
test simulator::registry::tests::test_port_manager_assignment ... ok
test commands::tui_events::tests::test_handle_key_event_quit ... ok
test simulator::registry::tests::test_port_manager_conflict ... ok
test commands::tui_events::tests::test_handle_key_event_switch_panel ... ok
test simulator::registry::tests::test_port_manager_release ... ok
test simulator::registry::tests::test_service_registry_registration ... ok
test simulator::registry::tests::test_service_registry_duplicate_registration ... ok
test simulator::route_registry::tests::register_and_clear_routes ... ok
test simulator::registry::tests::test_service_registry_unregistration ... ok
test simulator::router::tests::test_clear_all_routes ... ok
test simulator::router::tests::test_get_service_routes ... ok
test simulator::router::tests::test_longest_path_matching ... ok
test simulator::router::tests::test_path_normalization ... ok
test simulator::router::tests::test_relative_path_extraction ... ok
test simulator::router::tests::test_request_routing ... ok
test simulator::registry::tests::test_service_registry_list_services ... ok
test simulator::router::tests::test_service_route_unregistration ... ok
test simulator::router::tests::test_routing_stats ... ok
test simulator::router::tests::test_route_registration ... ok
test simulator::scripting::tests::test_rhai_scripting_context_access ... ok
test simulator::scripting::tests::test_rhai_scripting_basic ... ok
test simulator::scripting::tests::test_rhai_helpers ... ok
test simulator::service::router::tests::default_router_returns_ok ... ok
test simulator::service::scenario::tests::scenario_roundtrip ... ok
test simulator::service::state_service::tests::state_roundtrip ... ok
test simulator::service::tests::test_duplicate_endpoint_validation ... ok
test simulator::service::tests::test_endpoint_finding ... ok
test simulator::service::tests::test_endpoint_header_matching ... ok
test simulator::service::tests::test_endpoint_path_to_regex_handles_unclosed_brace ... ok
test simulator::service::tests::test_endpoint_path_to_regex ... ok
test simulator::service::tests::test_fixture_array_operations ... ok
test simulator::service::tests::test_fixture_array_operations_by_field ... ok
test simulator::service::tests::test_fixture_reset ... ok
test simulator::service::tests::test_path_parameter_extraction ... ok
test simulator::service::http_server::tests::server_handles_request ... ok
test simulator::service::tests::test_runtime_data_management ... ok
test simulator::service::tests::test_scenario_matching ... ok
test simulator::service::tests::test_scenario_rotation_random ... ok
test simulator::service::tests::test_scenario_rotation_sequential ... ok
test simulator::service::tests::test_service_instance_creation ... ok
test simulator::service::tests::test_service_start_stop ... ok
test simulator::service::tests::test_service_state_management ... ok
test simulator::service::tests::test_service_state_operations ... ok
test simulator::service::tests::test_service_validation ... ok
test simulator::service::tests::test_proxy_disabled_returns_not_found ... ok
test simulator::service::tests::test_side_effects_processing ... ok
test simulator::service::tests::test_template_processing_with_params ... ok
test simulator::soap::tests::detects_xml_content_types ... ok
test simulator::soap::tests::parses_simple_element ... ok
test simulator::soap::tests::parses_nested_with_attributes ... ok
test simulator::soap::tests::repeated_children_become_array ... ok
test simulator::soap::tests::strips_namespace_prefixes ... ok
test simulator::template::preprocessor::tests::converts_bucket_helpers ... ok
test simulator::template::preprocessor::tests::converts_simple_fixture_access ... ok
test simulator::template::preprocessor::tests::handles_pipe_expression ... ok
test simulator::template::tests::test_basic_template_rendering ... ok
test simulator::template::tests::test_bucket_helpers ... ok
test simulator::template::tests::test_faker_helper ... ok
test simulator::template::tests::test_find_helper ... ok
test simulator::service::tests::test_proxy_forwards_unmatched_requests ... ok
test simulator::template::tests::test_length_helper ... ok
test simulator::template::tests::test_now_helper ... ok
test simulator::template::tests::test_template_engine_creation ... ok
test simulator::wiremock::tests::parses_multiple_responses_into_sequential_scenarios ... ok
test simulator::wiremock::tests::parses_single_stub_with_headers_and_body_patterns ... ok
test utils::security::tests::test_is_global_ipv4 ... ok
test utils::security::tests::test_is_global_ipv4_mapped_ipv6 ... ok
test utils::security::tests::test_is_global_ipv6 ... ok
test utils::security::tests::test_sanitize_csv_field ... ok
test validation::tests::test_config_validator_trait ... ok
test simulator::template::tests::test_path_params_rendering ... ok
test validation::tests::test_validate_content_type ... ok
test validation::tests::test_validate_directory ... ok
test validation::tests::test_validate_directory_file_exists ... ok
test validation::tests::test_validate_file_exists_directory ... ok
test validation::tests::test_validate_file_extension ... ok
test validation::tests::test_validate_glob_pattern ... ok
test validation::tests::test_validate_file_exists ... ok
test validation::tests::test_validate_http_method ... ok
test validation::tests::test_validate_json_string ... ok
test validation::tests::test_validate_non_empty_string ... ok
test validation::tests::test_validate_numeric_range ... ok
test validation::tests::test_validate_parent_directory ... ok
test validation::tests::test_validate_port ... ok
test validation::tests::test_validate_port_range ... ok
test validation::tests::test_validate_service_name ... ok
test validation::tests::test_validate_status_code ... ok
test validation::tests::test_validate_timeout ... ok
test validation::tests::test_validate_url ... ok
test validation::tests::test_validate_url_error_messages ... ok
test validation::tests::test_validate_yaml_string ... ok
test validation::tests::test_validation_context ... ok
test simulator::template::tests::test_request_context_rendering ... ok
test simulator::axios_client::tests::generates_axios_client_methods ... ok

test result: ok. 182 passed; 0 failed; 0 ignored; 0 measured; 0 filtered out; finished in 11.48s

     Running unittests src/bin/apicentric.rs (target/debug/deps/apicentric-cdcedda8ea96dc25)

running 0 tests

test result: ok. 0 passed; 0 failed; 0 ignored; 0 measured; 0 filtered out; finished in 0.00s

     Running unittests src/bin/apicentric-minimal.rs (target/debug/deps/apicentric_minimal-5b133f1dfd9ee474)

running 0 tests

test result: ok. 0 passed; 0 failed; 0 ignored; 0 measured; 0 filtered out; finished in 0.00s

     Running tests/admin_api.rs (target/debug/deps/admin_api-1db5e021ef6fb451)

running 1 test
test test_admin_server_log_retrieval ... ok

test result: ok. 1 passed; 0 failed; 0 ignored; 0 measured; 0 filtered out; finished in 0.38s

     Running tests/auth_api.rs (target/debug/deps/auth_api-06d2917e61a6f11d)

running 6 tests
test test_jwt_token_validation_fails_with_wrong_secret ... ok
test test_jwt_token_generation_and_validation ... ok
test test_duplicate_user_registration_fails ... ok
test test_token_blacklist_functionality ... ok
test test_user_registration_and_retrieval ... ok
test test_password_hashing_and_verification ... ok

test result: ok. 6 passed; 0 failed; 0 ignored; 0 measured; 0 filtered out; finished in 1.91s

     Running tests/cli_output.rs (target/debug/deps/cli_output-ad1a5c731d09456b)

running 1 test
test test_simulator_start_output ... ok

test result: ok. 1 passed; 0 failed; 0 ignored; 0 measured; 0 filtered out; finished in 0.01s

     Running tests/cloud_command_test.rs (target/debug/deps/cloud_command_test-cc729b525b3291d1)

running 1 test
   Compiling ring v0.17.14
   Compiling rustls v0.21.12
   Compiling rustls v0.22.4
   Compiling rustls v0.23.36
   Compiling rustls-webpki v0.101.7
   Compiling sct v0.7.1
   Compiling rustls-webpki v0.103.9
   Compiling rustls-webpki v0.102.8
   Compiling jsonwebtoken v9.3.1
   Compiling tokio-rustls v0.24.1
   Compiling hyper-rustls v0.24.2
   Compiling reqwest v0.11.27
   Compiling tokio-rustls v0.26.4
   Compiling tokio-rustls v0.25.0
   Compiling rumqttc v0.24.0
   Compiling hyper-rustls v0.27.7
   Compiling apicentric v0.7.0 (/app)
test test_cloud_command_starts_server has been running for over 60 seconds
    Finished `dev` profile [unoptimized + debuginfo] target(s) in 1m 05s
  [2m2026-05-28T22:53:55.118342Z[0m [32m INFO[0m [1;32mapicentric::logging[0m[32m: [32mLogging initialized, [1;32mformat[0m[32m: pretty[0m
    [2;3mat[0m src/logging.rs:71

⚠️  WARNING: APICENTRIC_JWT_SECRET not set. Using a random secret. Sessions will not persist across restarts.
🚀 Starting Apicentric Cloud Server on port 8080...
📝 API Documentation: http://localhost:8080/health
🔐 Authentication is optional (set APICENTRIC_PROTECT_SERVICES=true to require auth)
🚀 Apicentric Cloud Server listening on http://0.0.0.0:8080
test test_cloud_command_starts_server ... ok

test result: ok. 1 passed; 0 failed; 0 ignored; 0 measured; 0 filtered out; finished in 66.03s

     Running tests/codegen_api.rs (target/debug/deps/codegen_api-044def06085ddbf2)

running 4 tests
test test_react_query_generation ... ok
test test_codegen_service_not_found ... ok
test test_typescript_generation ... ok
test test_axios_generation ... ok

test result: ok. 4 passed; 0 failed; 0 ignored; 0 measured; 0 filtered out; finished in 3.77s

     Running tests/config_api.rs (target/debug/deps/config_api-582e696cda7d2969)

running 4 tests
test test_ai_config_validation_missing_key ... ok
test test_config_with_ai_settings ... ok
test test_default_config_validation ... ok
test test_config_save_and_load ... ok

test result: ok. 4 passed; 0 failed; 0 ignored; 0 measured; 0 filtered out; finished in 0.00s

     Running tests/contract_use_cases.rs (target/debug/deps/contract_use_cases-fb4c8229800a0847)

running 5 tests
test loads_contract_from_repository ... ok
test publishes_reports_in_multiple_formats ... ok
test validates_spec_and_extracts_scenarios ... ok
test executes_scenarios_and_returns_results ... ok
test assigns_scenario_path_to_issues ... ok

test result: ok. 5 passed; 0 failed; 0 ignored; 0 measured; 0 filtered out; finished in 0.00s

     Running tests/dockerize.rs (target/debug/deps/dockerize-737f3a0ea817d03d)

running 1 test
test test_dockerize_command ... ok

test result: ok. 1 passed; 0 failed; 0 ignored; 0 measured; 0 filtered out; finished in 0.01s

     Running tests/fault_injection.rs (target/debug/deps/fault_injection-fd30734ecdce7147)

running 9 tests
test test_cli_unknown_argument ... ok
test test_cli_missing_subcommand ... ok
test test_dockerize_missing_files ... ok
test test_contract_testing_quiet ... ok
test test_import_corrupt_csv ... ok
test test_twin_run_missing_device ... ok
test test_start_missing_service_file ... ok
test test_validate_corrupt_yaml ... ok
test test_validate_missing_required_fields ... ok

test result: ok. 9 passed; 0 failed; 0 ignored; 0 measured; 0 filtered out; finished in 0.03s

     Running tests/feature_flags.rs (target/debug/deps/feature_flags-51ad68e6eaa0bb30)

running 12 tests
test test_cli_tools_build_works ... ok
test test_database_feature_enabled ... ok
test test_core_features_available ... ok
test test_contract_testing_feature_enabled ... ok
test test_file_watch_feature_enabled ... ok
test test_full_build_works ... ok
test test_linux_platform ... ok
test test_minimal_build_works ... ok
test test_mock_data_feature_enabled ... ok
test test_scripting_feature_enabled ... ok
test test_tui_feature_enabled ... ok
test test_websockets_feature_enabled ... ok

test result: ok. 12 passed; 0 failed; 0 ignored; 0 measured; 0 filtered out; finished in 0.00s

     Running tests/fs_utils.rs (target/debug/deps/fs_utils-ade5beedd2dbab6b)

running 11 tests
test test_resolve_glob_pattern_invalid_syntax ... ok
test test_ensure_directory_exists ... ok
test test_count_files_in_directory ... ok
test test_directory_scanner ... ok
test test_safe_read_file ... ok
test test_resolve_glob_pattern_no_matches ... ok
test test_resolve_glob_pattern_success ... ok
test test_safe_write_file ... ok
test test_validate_directory_access ... ok
test test_validate_single_test_file_posix ... ok
test test_validate_test_files ... ok

test result: ok. 11 passed; 0 failed; 0 ignored; 0 measured; 0 filtered out; finished in 0.00s

     Running tests/gui_tests.rs (target/debug/deps/gui_tests-99019d82435944b3)

running 0 tests

test result: ok. 0 passed; 0 failed; 0 ignored; 0 measured; 0 filtered out; finished in 0.00s

     Running tests/helpers_faker.rs (target/debug/deps/helpers_faker-bdd9cfdc17d0efb3)

running 2 tests
test now_generates_timestamp ... ok
test random_string_length ... ok

test result: ok. 2 passed; 0 failed; 0 ignored; 0 measured; 0 filtered out; finished in 0.01s

     Running tests/helpers_math.rs (target/debug/deps/helpers_math-3c7dfb65a04c2b60)

running 2 tests
test eq_helper_evaluates ... ok
test length_helper_counts ... ok

test result: ok. 2 passed; 0 failed; 0 ignored; 0 measured; 0 filtered out; finished in 0.00s

     Running tests/helpers_text.rs (target/debug/deps/helpers_text-01216678fd9e528d)

running 1 test
test upper_and_contains_helpers ... ok

test result: ok. 1 passed; 0 failed; 0 ignored; 0 measured; 0 filtered out; finished in 0.01s

     Running tests/import_export.rs (target/debug/deps/import_export-9869f8f97d60bbf5)

running 2 tests
test test_large_url_import_repro ... ignored
test test_openapi_round_trip ... ok

test result: ok. 1 passed; 0 failed; 1 ignored; 0 measured; 0 filtered out; finished in 0.02s

     Running tests/mcp.rs (target/debug/deps/mcp-ef0afb0034515a80)

running 0 tests

test result: ok. 0 passed; 0 failed; 0 ignored; 0 measured; 0 filtered out; finished in 0.00s

     Running tests/openapi_conversion.rs (target/debug/deps/openapi_conversion-2a43eaaa8d0b9616)

running 6 tests
test import_openapi_to_service ... ok
test export_service_to_openapi ... ok
test response_examples::prefers_openapi2_examples_over_description ... ok
test response_examples::generates_payload_when_only_schema_available ... ok
test response_examples::supports_openapi3_examples_and_content ... ok
test response_examples::supports_openapi3_schema_generation ... ok

test result: ok. 6 passed; 0 failed; 0 ignored; 0 measured; 0 filtered out; finished in 0.01s

     Running tests/plugin_loading.rs (target/debug/deps/plugin_loading-c506c2b8abda406b)

running 1 test
    Updating crates.io index
 Downloading crates ...
  Downloaded crypto-common v0.1.6
  Downloaded data-encoding v2.9.0
  Downloaded generic-array v0.14.9
  Downloaded num-conv v0.1.0
  Downloaded time-core v0.1.6
  Downloaded itoa v1.0.15
  Downloaded openssl-probe v0.2.0
  Downloaded iana-time-zone v0.1.64
  Downloaded unicase v2.8.1
  Downloaded uuid v1.18.1
  Downloaded socket2 v0.6.1
  Downloaded tracing-core v0.1.34
  Downloaded url v2.5.7
  Downloaded tokio-util v0.7.17
  Downloaded serde_json v1.0.145
  Downloaded time v0.3.44
  Downloaded regex v1.12.2
  Downloaded portable-atomic v1.11.1
  Downloaded h2 v0.4.12
  Downloaded tracing-subscriber v0.3.20
  Downloaded zerocopy v0.8.27
  Downloaded chrono v0.4.42
  Downloaded icu_properties_data v2.1.1
  Downloaded pest v2.8.3
  Downloaded syn v2.0.109
  Downloaded rhai v1.23.6
  Downloaded regex-syntax v0.8.8
  Downloaded hyper v1.8.0
  Downloaded rustix v1.1.2
  Downloaded hashbrown v0.16.0
  Downloaded http v1.3.1
  Downloaded tower v0.5.2
  Downloaded mio v1.1.0
  Downloaded indexmap v2.12.0
  Downloaded hyper-util v0.1.17
  Downloaded handlebars v6.3.2
  Downloaded cc v1.2.45
  Downloaded tracing v0.1.41
  Downloaded pest_meta v2.8.3
  Downloaded memchr v2.7.6
  Downloaded log v0.4.28
  Downloaded proc-macro2 v1.0.103
  Downloaded regex-automata v0.4.13
  Downloaded icu_properties v2.1.1
  Downloaded bytes v1.10.1
  Downloaded unicode-ident v1.0.22
  Downloaded tracing-attributes v0.1.30
  Downloaded toml_parser v1.0.6+spec-1.1.0
  Downloaded tokio-stream v0.1.17
  Downloaded tokio v1.48.0
  Downloaded libc v0.2.177
  Downloaded tempfile v3.23.0
  Downloaded ryu v1.0.20
  Downloaded quote v1.0.42
  Downloaded pest_generator v2.8.3
  Downloaded pest_derive v2.8.3
  Downloaded notify-types v2.0.0
  Downloaded getrandom v0.2.16
  Downloaded find-msvc-tools v0.1.4
  Downloaded time-macros v0.2.24
  Downloaded thiserror-impl v2.0.17
  Downloaded thiserror v2.0.17
  Downloaded slab v0.4.11
  Downloaded signal-hook-registry v1.4.6
  Downloaded rand_core v0.9.3
  Downloaded base64ct v1.8.0
   Compiling proc-macro2 v1.0.103
   Compiling quote v1.0.42
   Compiling unicode-ident v1.0.22
   Compiling libc v0.2.177
   Compiling serde_core v1.0.228
   Compiling serde v1.0.228
   Compiling cfg-if v1.0.4
   Compiling itoa v1.0.15
   Compiling memchr v2.7.6
   Compiling syn v2.0.109
   Compiling log v0.4.28
   Compiling pin-project-lite v0.2.16
   Compiling fnv v1.0.7
   Compiling portable-atomic v1.11.1
   Compiling version_check v0.9.5
   Compiling signal-hook-registry v1.4.6
   Compiling futures-core v0.3.31
   Compiling getrandom v0.2.16
   Compiling once_cell v1.21.3
   Compiling shlex v1.3.0
   Compiling find-msvc-tools v0.1.4
   Compiling equivalent v1.0.2
   Compiling mio v1.1.0
   Compiling cc v1.2.45
   Compiling futures-sink v0.3.31
   Compiling socket2 v0.6.1
   Compiling hashbrown v0.16.0
   Compiling slab v0.4.11
   Compiling ryu v1.0.20
   Compiling zerocopy v0.8.27
   Compiling futures-io v0.3.31
   Compiling pin-utils v0.1.0
   Compiling futures-task v0.3.31
   Compiling autocfg v1.5.0
   Compiling ring v0.17.14
   Compiling stable_deref_trait v1.2.1
   Compiling untrusted v0.9.0
   Compiling subtle v2.6.1
   Compiling httparse v1.10.1
   Compiling indexmap v2.12.0
   Compiling synstructure v0.13.2
   Compiling tracing-core v0.1.34
   Compiling getrandom v0.3.4
   Compiling ident_case v1.0.1
   Compiling typenum v1.19.0
   Compiling strsim v0.11.1
   Compiling serde_derive v1.0.228
   Compiling tokio-macros v2.6.0
   Compiling futures-macro v0.3.31
   Compiling zerofrom-derive v0.1.6
   Compiling yoke-derive v0.8.1
   Compiling futures-util v0.3.31
   Compiling zerofrom v0.1.6
   Compiling yoke v0.8.1
   Compiling zerovec-derive v0.11.2
   Compiling zerovec v0.11.5
   Compiling displaydoc v0.2.5
   Compiling bytes v1.10.1
   Compiling smallvec v1.15.1
   Compiling generic-array v0.14.9
   Compiling tracing-attributes v0.1.30
   Compiling zeroize v1.8.2
   Compiling tokio v1.48.0
   Compiling http v1.3.1
   Compiling scopeguard v1.2.0
   Compiling bitflags v2.10.0
   Compiling lock_api v0.4.14
   Compiling tracing v0.1.41
   Compiling rustls-pki-types v1.14.0
   Compiling serde_json v1.0.145
   Compiling tinystr v0.8.2
   Compiling ppv-lite86 v0.2.21
   Compiling writeable v0.6.2
   Compiling litemap v0.8.1
   Compiling tower-service v0.3.3
   Compiling thiserror v1.0.69
   Compiling crunchy v0.2.4
   Compiling icu_locale_core v2.1.1
   Compiling block-buffer v0.10.4
   Compiling crypto-common v0.1.6
   Compiling zerotrie v0.2.3
   Compiling potential_utf v0.1.4
   Compiling thiserror-impl v1.0.69
   Compiling darling_core v0.20.11
   Compiling num-traits v0.2.19
   Compiling rand_core v0.6.4
   Compiling icu_properties_data v2.1.1
   Compiling icu_normalizer_data v2.1.1
   Compiling ucd-trie v0.1.7
   Compiling percent-encoding v2.3.2
   Compiling rustversion v1.0.22
   Compiling tokio-util v0.7.17
   Compiling tiny-keccak v2.0.2
   Compiling pest v2.8.3
   Compiling icu_collections v2.1.1
   Compiling icu_provider v2.1.1
   Compiling digest v0.10.7
   Compiling darling_macro v0.20.11
   Compiling try-lock v0.2.5
   Compiling httpdate v1.0.3
   Compiling darling v0.20.11
   Compiling want v0.3.1
   Compiling form_urlencoded v1.2.2
   Compiling http-body v1.0.1
   Compiling futures-channel v0.3.31
   Compiling parking_lot_core v0.9.12
   Compiling mime v0.3.17
   Compiling thiserror v2.0.17
   Compiling cpufeatures v0.2.17
   Compiling signal-hook v0.3.18
   Compiling heck v0.5.0
   Compiling const-random-macro v0.1.16
   Compiling icu_normalizer v2.1.1
   Compiling icu_properties v2.1.1
   Compiling rand_chacha v0.3.1
   Compiling thiserror-impl v2.0.17
   Compiling ahash v0.8.12
   Compiling aho-corasick v1.1.4
   Compiling byteorder v1.5.0
   Compiling rustix v1.1.2
   Compiling regex-syntax v0.8.8
   Compiling idna_adapter v1.2.1
   Compiling rand v0.8.5
   Compiling const-random v0.1.18
   Compiling sha1 v0.10.6
   Compiling spin v0.9.8
   Compiling http v0.2.12
   Compiling regex-automata v0.4.13
   Compiling mio v0.8.11
   Compiling rustls v0.21.12
   Compiling atomic-waker v1.1.2
   Compiling utf-8 v0.7.6
   Compiling utf8_iter v1.0.4
   Compiling data-encoding v2.9.0
   Compiling crossbeam-utils v0.8.21
   Compiling winnow v0.7.14
   Compiling linux-raw-sys v0.11.0
   Compiling tower-layer v0.3.3
   Compiling idna v1.1.0
   Compiling toml_parser v1.0.6+spec-1.1.0
   Compiling h2 v0.4.12
   Compiling signal-hook-mio v0.2.5
   Compiling parking_lot v0.12.5
   Compiling derive_builder_core v0.20.2
   Compiling pest_meta v2.8.3
   Compiling rustls-webpki v0.101.7
   Compiling sct v0.7.1
   Compiling async-trait v0.1.89
   Compiling darling_core v0.23.0
   Compiling multer v3.1.0
   Compiling socket2 v0.5.10
   Compiling encoding_rs v0.8.35
   Compiling base64 v0.22.1
   Compiling pkg-config v0.3.32
   Compiling rustls v0.22.4
   Compiling lazy_static v1.5.0
   Compiling num-conv v0.1.0
   Compiling vcpkg v0.2.15
   Compiling either v1.15.0
   Compiling static_assertions v1.1.0
   Compiling unicode-segmentation v1.12.0
   Compiling unicase v2.8.1
   Compiling toml_datetime v0.7.5+spec-1.1.0
   Compiling time-core v0.1.6
   Compiling rustls v0.23.36
   Compiling powerfmt v0.2.0
   Compiling time-macros v0.2.24
   Compiling deranged v0.5.5
   Compiling toml_edit v0.23.10+spec-1.0.0
   Compiling darling_macro v0.23.0
   Compiling mime_guess v2.0.5
   Compiling libsqlite3-sys v0.28.0
   Compiling derive_builder_macro v0.20.2
   Compiling pest_generator v2.8.3
   Compiling async-graphql-value v7.2.1
   Compiling hyper v1.8.0
   Compiling url v2.5.7
   Compiling h2 v0.3.27
   Compiling http-body v0.4.6
   Compiling strum_macros v0.27.2
   Compiling http-body-util v0.1.3
   Compiling serde_urlencoded v0.7.1
   Compiling num-integer v0.1.46
   Compiling rustls-webpki v0.102.8
   Compiling rustls-webpki v0.103.9
   Compiling rand_core v0.9.3
   Compiling async-io v2.6.0
   Compiling smartstring v1.0.1
   Compiling allocator-api2 v0.2.21
   Compiling num-modular v0.6.1
   Compiling paste v1.0.15
   Compiling unicode-width v0.1.14
   Compiling foldhash v0.1.5
   Compiling sync_wrapper v1.0.2
   Compiling num-order v1.2.0
   Compiling hashbrown v0.15.5
   Compiling rand_chacha v0.9.0
   Compiling strum v0.27.2
   Compiling hyper v0.14.32
   Compiling num-bigint v0.4.6
   Compiling tokio-rustls v0.24.1
   Compiling hyper-util v0.1.17
   Compiling concurrent-queue v2.5.0
   Compiling pest_derive v2.8.3
   Compiling async-graphql-parser v7.2.1
   Compiling derive_builder v0.20.2
   Compiling time v0.3.44
   Compiling darling v0.23.0
   Compiling proc-macro-crate v3.4.0
   Compiling itertools v0.13.0
   Compiling polling v3.11.0
   Compiling hashbrown v0.14.5
   Compiling regex v1.12.2
   Compiling tungstenite v0.24.0
   Compiling strum_macros v0.26.4
   Compiling castaway v0.2.4
   Compiling rustls-pemfile v2.2.0
   Compiling futures-lite v2.6.1
   Compiling inotify-sys v0.1.5
   Compiling openssl-probe v0.2.0
   Compiling same-file v1.0.6
   Compiling fastrand v2.3.0
   Compiling bitflags v1.3.2
   Compiling Inflector v0.11.4
   Compiling openssl-probe v0.1.6
   Compiling base64ct v1.8.0
   Compiling ascii_utils v0.9.3
   Compiling parking v2.2.1
   Compiling base64 v0.21.7
   Compiling password-hash v0.5.0
   Compiling rustls-pemfile v1.0.4
   Compiling fast_chemail v0.9.6
   Compiling strum v0.26.3
   Compiling rustls-native-certs v0.7.3
   Compiling async-graphql-derive v7.2.1
   Compiling tempfile v3.23.0
   Compiling crossterm v0.25.0
   Compiling walkdir v2.5.0
test loads_plugins_from_directory has been running for over 60 seconds
   Compiling rustls-native-certs v0.8.3
   Compiling inotify v0.11.0
   Compiling tokio-tungstenite v0.24.0
   Compiling compact_str v0.7.1
   Compiling hashlink v0.9.1
   Compiling unicode-truncate v1.1.0
   Compiling simple_asn1 v0.6.3
   Compiling handlebars v6.3.2
   Compiling tokio-rustls v0.26.4
   Compiling tokio-rustls v0.25.0
   Compiling hyper-rustls v0.24.2
   Compiling lru v0.12.5
   Compiling rand v0.9.2
   Compiling axum-core v0.4.5
   Compiling tower v0.5.2
   Compiling tungstenite v0.21.0
   Compiling newline-converter v0.2.2
   Compiling itertools v0.12.1
   Compiling sharded-slab v0.1.7
   Compiling pem v3.0.6
   Compiling crossterm v0.27.0
   Compiling matchers v0.2.0
   Compiling flume v0.11.1
   Compiling dummy v0.11.0
   Compiling blake2 v0.10.6
   Compiling tracing-serde v0.2.0
   Compiling thin-vec v0.2.14
   Compiling rhai_codegen v3.1.0
   Compiling stability v0.2.1
   Compiling axum-macros v0.4.2
   Compiling tracing-log v0.2.0
   Compiling serde_path_to_error v0.1.20
   Compiling console v0.15.11
   Compiling asynk-strim v0.1.5
   Compiling is-terminal v0.4.17
   Compiling csv-core v0.1.13
   Compiling thread_local v1.1.9
   Compiling sync_wrapper v0.1.2
   Compiling dyn-clone v1.0.20
   Compiling iana-time-zone v0.1.64
   Compiling cassowary v0.3.0
   Compiling notify-types v2.0.0
   Compiling unsafe-libyaml v0.2.11
   Compiling http-range-header v0.4.2
   Compiling fallible-streaming-iterator v0.1.9
   Compiling fallible-iterator v0.3.0
   Compiling matchit v0.7.3
   Compiling deunicode v1.6.2
   Compiling ipnet v2.11.0
   Compiling static_assertions_next v1.1.2
   Compiling termcolor v1.4.1
   Compiling humantime v2.3.0
   Compiling webpki-roots v0.25.4
   Compiling number_prefix v0.4.0
   Compiling nu-ansi-term v0.50.3
   Compiling indicatif v0.17.11
   Compiling reqwest v0.11.27
   Compiling tracing-subscriber v0.3.20
   Compiling env_logger v0.10.2
   Compiling async-graphql v7.2.1
   Compiling rusqlite v0.31.0
   Compiling axum v0.7.9
   Compiling serde_yaml v0.9.34+deprecated
   Compiling fake v4.4.0
   Compiling tower-http v0.5.2
   Compiling ratatui v0.26.3
   Compiling notify v8.2.0
   Compiling chrono v0.4.42
   Compiling inquire v0.6.2
   Compiling rhai v1.23.6
   Compiling csv v1.4.0
   Compiling argon2 v0.5.3
   Compiling rumqttc v0.24.0
   Compiling jsonwebtoken v9.3.1
   Compiling tokio-tungstenite v0.21.0
   Compiling hyper-rustls v0.27.7
   Compiling colored v2.2.0
   Compiling tokio-modbus v0.14.0
   Compiling tower v0.4.13
   Compiling tokio-stream v0.1.17
   Compiling openapiv3 v2.2.0
   Compiling uuid v1.18.1
   Compiling quick-xml v0.36.2
   Compiling libloading v0.8.9
   Compiling glob v0.3.3
   Compiling dotenvy v0.15.7
   Compiling apicentric v0.7.0 (/app)
   Compiling logger_plugin v0.1.0 (/app/examples/plugins/logger)
    Finished `dev` profile [unoptimized + debuginfo] target(s) in 2m 31s
test loads_plugins_from_directory ... ok

test result: ok. 1 passed; 0 failed; 0 ignored; 0 measured; 0 filtered out; finished in 151.19s

     Running tests/plugin_system.rs (target/debug/deps/plugin_system-2b7d5ac3709918d2)

running 2 tests
test plugin_hooks_execute_and_mutate_response ... ok
test missing_create_plugin_symbol_is_reported ... ok

test result: ok. 2 passed; 0 failed; 0 ignored; 0 measured; 0 filtered out; finished in 0.00s

     Running tests/react_query_generation.rs (target/debug/deps/react_query_generation-c19e7c12c2623118)

running 1 test
test generated_hooks_compile_and_call_endpoints ... ok

test result: ok. 1 passed; 0 failed; 0 ignored; 0 measured; 0 filtered out; finished in 0.02s

     Running tests/react_view_generation.rs (target/debug/deps/react_view_generation-3ced95059cc0d36c)

running 1 test
test generated_view_compiles_and_composes_with_hooks ... ok

test result: ok. 1 passed; 0 failed; 0 ignored; 0 measured; 0 filtered out; finished in 0.01s

     Running tests/recording_api.rs (target/debug/deps/recording_api-1bc90702094eaa56)

running 2 tests
test test_recording_start_stop_status ... ok
test test_recording_generate_service ... ok

test result: ok. 2 passed; 0 failed; 0 ignored; 0 measured; 0 filtered out; finished in 2.25s

     Running tests/recording_proxy_test.rs (target/debug/deps/recording_proxy_test-d3c4ce0cb76cf81b)

running 1 test
test test_recording_proxy_functionality ... ok

test result: ok. 1 passed; 0 failed; 0 ignored; 0 measured; 0 filtered out; finished in 0.31s

     Running tests/report_sink.rs (target/debug/deps/report_sink-1934855280443f08)

running 2 tests
test writes_junit_report_with_failures ... ok
test writes_html_report_with_summary ... ok

test result: ok. 2 passed; 0 failed; 0 ignored; 0 measured; 0 filtered out; finished in 0.01s

     Running tests/security.rs (target/debug/deps/security-ab19b75c1677a5f9)

running 1 test
test test_path_traversal_prevention ... ok

test result: ok. 1 passed; 0 failed; 0 ignored; 0 measured; 0 filtered out; finished in 0.02s

     Running tests/security_admin_auth.rs (target/debug/deps/security_admin_auth-51fe2bf7d4b4e895)

running 1 test
test tests::test_admin_server_security_scenarios ... ok

test result: ok. 1 passed; 0 failed; 0 ignored; 0 measured; 0 filtered out; finished in 0.43s

     Running tests/security_config.rs (target/debug/deps/security_config-7dad421e5d1c8dcc)

running 3 tests
test tests::test_merge_with_current_restores_secret ... ok
test tests::test_redact_sensitive_fields ... ok
test tests::test_merge_with_current_allows_update ... ok

test result: ok. 3 passed; 0 failed; 0 ignored; 0 measured; 0 filtered out; finished in 0.00s

     Running tests/security_iot_traversal.rs (target/debug/deps/security_iot_traversal-e2a9d714b26a9663)

running 1 test
test test_iot_security_traversal ... ok

test result: ok. 1 passed; 0 failed; 0 ignored; 0 measured; 0 filtered out; finished in 0.00s

     Running tests/security_iot_upload.rs (target/debug/deps/security_iot_upload-155ca8ad69d5a4cd)

running 1 test
test test_upload_security_vulnerability ... ok

test result: ok. 1 passed; 0 failed; 0 ignored; 0 measured; 0 filtered out; finished in 1.10s

     Running tests/security_iot_upload_limit.rs (target/debug/deps/security_iot_upload_limit-e813a713fae2927d)

running 1 test
test test_upload_scenarios ... ok

test result: ok. 1 passed; 0 failed; 0 ignored; 0 measured; 0 filtered out; finished in 0.10s

     Running tests/security_ssrf.rs (target/debug/deps/security_ssrf-a7a3c9912a6f7167)

running 1 test
test test_validate_ssrf_url_private_ip ... ok

test result: ok. 1 passed; 0 failed; 0 ignored; 0 measured; 0 filtered out; finished in 0.00s

     Running tests/service_instance.rs (target/debug/deps/service_instance-08ab80eac31a4c91)

running 3 tests
test scenario_management_roundtrip ... ok
test cors_preflight_returns_no_content ... ok
test get_request_returns_response ... ok

test result: ok. 3 passed; 0 failed; 0 ignored; 0 measured; 0 filtered out; finished in 0.31s

     Running tests/service_spec_loader.rs (target/debug/deps/service_spec_loader-47d8fc0cfec2d0e2)

running 4 tests
test test_validate_missing_fields ... ok
test load_with_mock_reader ... ok
test test_load_invalid_yaml ... ok
test test_load_valid_yaml_spec ... ok

test result: ok. 4 passed; 0 failed; 0 ignored; 0 measured; 0 filtered out; finished in 0.01s

     Running tests/simulator_integration.rs (target/debug/deps/simulator_integration-9fc4f5e2f559ec31)

running 5 tests
test simulator_can_load_simple_yaml ... ok
test simulator_validates_yaml_structure ... ok
test simulator_status_reflects_state ... ok
test simulator_manager_initializes_successfully ... ok
test simulator_can_set_db_path ... ok

test result: ok. 5 passed; 0 failed; 0 ignored; 0 measured; 0 filtered out; finished in 0.02s

     Running tests/tui_state.rs (target/debug/deps/tui_state-531840e7695b74bc)

running 5 tests
test test_keyboard_navigation ... ok
test test_service_status_update ... ok
test test_log_buffer_limit ... ok
test test_log_filter_basic ... ok
test test_view_mode_transitions ... ok

test result: ok. 5 passed; 0 failed; 0 ignored; 0 measured; 0 filtered out; finished in 0.00s

     Running tests/websocket_api.rs (target/debug/deps/websocket_api-7af98870c7514b52)

running 7 tests
test test_websocket_connection_establishment ... ok
test test_websocket_ping_pong ... ok
test test_websocket_multiple_clients ... ok
test test_websocket_log_streaming ... ok
test test_websocket_reconnection ... ok
test test_websocket_service_status_updates ... ok
test test_websocket_connection_cleanup ... ok

test result: ok. 7 passed; 0 failed; 0 ignored; 0 measured; 0 filtered out; finished in 6.81s

   Doc-tests apicentric

running 0 tests

test result: ok. 0 passed; 0 failed; 0 ignored; 0 measured; 0 filtered out; finished in 0.02s
